python : Creating 
test database for 
alias 'default'...
At line:1 char:1
+ python manage.py 
test core.tests.FarmC
onnectTests.test_farm
er_dashboa ...
+ ~~~~~~~~~~~~~~~~~~~
~~~~~~~~~~~~~~~~~~~~~
~~~~~~~~~~~~~~~~~~~~~
~~~~~~~~
    + CategoryInfo   
           : NotSpe  
  cified: (Creatin   
 g test d...as 'd    
efault'...:Strin    
g) [], RemoteExc    
eption
    + FullyQualified 
   ErrorId : Native  
  CommandError
 

System check 
identified some 
issues:

WARNINGS:
core.Category: 
(models.W042) 
Auto-created primary 
key used when not 
defining a primary 
key type, by default 
'django.db.models.Aut
oField'.
	HINT: Configure the 
DEFAULT_AUTO_FIELD 
setting or the CoreCo
nfig.default_auto_fie
ld attribute to 
point to a subclass 
of AutoField, e.g. 'd
jango.db.models.BigAu
toField'.
core.Listing: 
(models.W042) 
Auto-created primary 
key used when not 
defining a primary 
key type, by default 
'django.db.models.Aut
oField'.
	HINT: Configure the 
DEFAULT_AUTO_FIELD 
setting or the CoreCo
nfig.default_auto_fie
ld attribute to 
point to a subclass 
of AutoField, e.g. 'd
jango.db.models.BigAu
toField'.
core.Message: 
(models.W042) 
Auto-created primary 
key used when not 
defining a primary 
key type, by default 
'django.db.models.Aut
oField'.
	HINT: Configure the 
DEFAULT_AUTO_FIELD 
setting or the CoreCo
nfig.default_auto_fie
ld attribute to 
point to a subclass 
of AutoField, e.g. 'd
jango.db.models.BigAu
toField'.
core.Order: 
(models.W042) 
Auto-created primary 
key used when not 
defining a primary 
key type, by default 
'django.db.models.Aut
oField'.
	HINT: Configure the 
DEFAULT_AUTO_FIELD 
setting or the CoreCo
nfig.default_auto_fie
ld attribute to 
point to a subclass 
of AutoField, e.g. 'd
jango.db.models.BigAu
toField'.
core.Profile: 
(models.W042) 
Auto-created primary 
key used when not 
defining a primary 
key type, by default 
'django.db.models.Aut
oField'.
	HINT: Configure the 
DEFAULT_AUTO_FIELD 
setting or the CoreCo
nfig.default_auto_fie
ld attribute to 
point to a subclass 
of AutoField, e.g. 'd
jango.db.models.BigAu
toField'.

System check 
identified 5 issues 
(0 silenced).
E
=====================
=====================
=====================
=======
ERROR: test_farmer_da
shboard_stats (core.t
ests.FarmConnectTests
.test_farmer_dashboar
d_stats)
---------------------
---------------------
---------------------
-------
Traceback (most 
recent call last):
  File "C:\Users\HP\f
arm_project\core\test
s.py", line 71, in te
st_farmer_dashboard_s
tats
    response = self.c
lient.get(reverse('fa
rmer_dashboard'))
               ^^^^^^
^^^^^^^^^^^^^^^^^^^^^
^^^^^^^^^^^^^^^^^
  File "C:\Users\HP\A
ppData\Local\Packages
\PythonSoftwareFounda
tion.Python.3.12_qbz5
n2kfra8p0\LocalCache\
local-packages\Python
312\site-packages\dja
ngo\test\client.py", 
line 1124, in get
    response = 
super().get(
               
^^^^^^^^^^^^
  File "C:\Users\HP\A
ppData\Local\Packages
\PythonSoftwareFounda
tion.Python.3.12_qbz5
n2kfra8p0\LocalCache\
local-packages\Python
312\site-packages\dja
ngo\test\client.py", 
line 475, in get
    return 
self.generic(
           
^^^^^^^^^^^^^
  File "C:\Users\HP\A
ppData\Local\Packages
\PythonSoftwareFounda
tion.Python.3.12_qbz5
n2kfra8p0\LocalCache\
local-packages\Python
312\site-packages\dja
ngo\test\client.py", 
line 671, in generic
    return 
self.request(**r)
           
^^^^^^^^^^^^^^^^^
  File "C:\Users\HP\A
ppData\Local\Packages
\PythonSoftwareFounda
tion.Python.3.12_qbz5
n2kfra8p0\LocalCache\
local-packages\Python
312\site-packages\dja
ngo\test\client.py", 
line 1087, in request
    self.check_except
ion(response)
  File "C:\Users\HP\A
ppData\Local\Packages
\PythonSoftwareFounda
tion.Python.3.12_qbz5
n2kfra8p0\LocalCache\
local-packages\Python
312\site-packages\dja
ngo\test\client.py", 
line 802, in 
check_exception
    raise exc_value
  File "C:\Users\HP\A
ppData\Local\Packages
\PythonSoftwareFounda
tion.Python.3.12_qbz5
n2kfra8p0\LocalCache\
local-packages\Python
312\site-packages\dja
ngo\core\handlers\exc
eption.py", line 55, 
in inner
    response = 
get_response(request)
               
^^^^^^^^^^^^^^^^^^^^^
  File "C:\Users\HP\A
ppData\Local\Packages
\PythonSoftwareFounda
tion.Python.3.12_qbz5
n2kfra8p0\LocalCache\
local-packages\Python
312\site-packages\dja
ngo\core\handlers\bas
e.py", line 197, in 
_get_response
    response = wrappe
d_callback(request, 
*callback_args, 
**callback_kwargs)
               ^^^^^^
^^^^^^^^^^^^^^^^^^^^^
^^^^^^^^^^^^^^^^^^^^^
^^^^^^^^^^^^
  File "C:\Users\HP\A
ppData\Local\Packages
\PythonSoftwareFounda
tion.Python.3.12_qbz5
n2kfra8p0\LocalCache\
local-packages\Python
312\site-packages\dja
ngo\contrib\auth\deco
rators.py", line 59, 
in _view_wrapper
    return 
view_func(request, 
*args, **kwargs)
           ^^^^^^^^^^
^^^^^^^^^^^^^^^^^^^^^
^^^^
  File "C:\Users\HP\f
arm_project\core\view
s.py", line 117, in 
farmer_dashboard
    orders = Order.ob
jects.filter(listing_
_seller=request.user)
.order_by('-date_orde
red')
             ^^^^^
NameError: name 
'Order' is not 
defined

---------------------
---------------------
---------------------
-------
Ran 1 test in 2.479s

FAILED (errors=1)
Destroying test 
database for alias 
'default'...

Found 1 test(s).
